// Jest Snapshot v1, https://goo.gl/fbAQLP

exports[`FilmList component should be render demo data (6 elements) 1`] = `
<FilmList
  films={
    Array [
      Object {
        "genres": Array [
          "Drama",
          "Romance",
        ],
        "id": 337167,
        "overview": "Believing they have left behind shadowy figures from their past, newlyweds Christian and Ana fully embrace an inextricable connection and shared life of luxury. But just as she steps into her role as Mrs. Grey and he relaxes into an unfamiliar stability, new threats could jeopardize their happy ending before it even begins.",
        "poster_path": "https://image.tmdb.org/t/p/w500/3kcEGnYBHDeqmdYf8ZRbKdfmlUy.jpg",
        "release_date": "2018-02-07",
        "runtime": 106,
        "title": "Fifty Shades Freed",
        "vote_average": 6.1,
      },
      Object {
        "genres": Array [
          "Animation",
          "Adventure",
          "Family",
          "Comedy",
        ],
        "id": 269149,
        "overview": "Determined to prove herself, Officer Judy Hopps, the first bunny on Zootopia's police force, jumps at the chance to crack her first case - even if it means partnering with scam-artist fox Nick Wilde to solve the mystery.",
        "poster_path": "https://image.tmdb.org/t/p/w500/sM33SANp9z6rXW8Itn7NnG1GOEs.jpg",
        "release_date": "2016-02-11",
        "runtime": 108,
        "title": "Zootopia",
        "vote_average": 7.7,
      },
      Object {
        "genres": Array [
          "Fantasy",
          "Adventure",
          "Science Fiction",
        ],
        "id": 181808,
        "overview": "Rey develops her newly discovered abilities with the guidance of Luke Skywalker, who is unsettled by the strength of her powers. Meanwhile, the Resistance prepares to do battle with the First Order.",
        "poster_path": "https://image.tmdb.org/t/p/w500/kOVEVeg59E0wsnXmF9nrh6OmWII.jpg",
        "release_date": "2017-12-13",
        "runtime": 152,
        "title": "Star Wars: The Last Jedi",
        "vote_average": 7.1,
      },
      Object {
        "genres": Array [
          "Action",
          "Adventure",
          "Fantasy",
          "Science Fiction",
        ],
        "id": 284054,
        "overview": "King T'Challa returns home from America to the reclusive, technologically advanced African nation of Wakanda to serve as his country's new leader. However, T'Challa soon finds that he is challenged for the throne by factions within his own country as well as without.  Using powers reserved to Wakandan kings, T'Challa assumes the Black Panther mantel to join with girlfriend Nakia, the queen-mother, his princess-kid sister,  members of the Dora Milaje (the Wakandan \\"special forces\\"), and an American secret agent, to prevent Wakanda from being dragged into a world war.",
        "poster_path": "https://image.tmdb.org/t/p/w500/uxzzxijgPIY7slzFvMotPv8wjKA.jpg",
        "release_date": "2018-02-13",
        "runtime": 134,
        "title": "Black Panther",
        "vote_average": 7.3,
      },
      Object {
        "genres": Array [
          "Adventure",
          "Comedy",
          "Family",
          "Animation",
        ],
        "id": 354912,
        "overview": "Despite his familyâ€™s baffling generations-old ban on music, Miguel dreams of becoming an accomplished musician like his idol, Ernesto de la Cruz. Desperate to prove his talent, Miguel finds himself in the stunning and colorful Land of the Dead following a mysterious chain of events. Along the way, he meets charming trickster Hector, and together, they set off on an extraordinary journey to unlock the real story behind Miguel's family history.",
        "poster_path": "https://image.tmdb.org/t/p/w500/eKi8dIrr8voobbaGzDpe8w0PVbC.jpg",
        "release_date": "2017-10-27",
        "runtime": 105,
        "title": "Coco",
        "vote_average": 7.8,
      },
      Object {
        "genres": Array [
          "Adventure",
          "Science Fiction",
          "Action",
        ],
        "id": 333339,
        "overview": "When the creator of a popular video game system dies, a virtual contest is created to compete for his fortune.",
        "poster_path": "https://image.tmdb.org/t/p/w500/pU1ULUq8D3iRxl1fdX2lZIzdHuI.jpg",
        "release_date": "2018-03-28",
        "runtime": 140,
        "title": "Ready Player One",
        "vote_average": 8.1,
      },
    ]
  }
>
  <div
    className="filmList-0-2-1"
  >
    <FilmTile
      filmData={
        Object {
          "genres": Array [
            "Drama",
            "Romance",
          ],
          "id": 337167,
          "overview": "Believing they have left behind shadowy figures from their past, newlyweds Christian and Ana fully embrace an inextricable connection and shared life of luxury. But just as she steps into her role as Mrs. Grey and he relaxes into an unfamiliar stability, new threats could jeopardize their happy ending before it even begins.",
          "poster_path": "https://image.tmdb.org/t/p/w500/3kcEGnYBHDeqmdYf8ZRbKdfmlUy.jpg",
          "release_date": "2018-02-07",
          "runtime": 106,
          "title": "Fifty Shades Freed",
          "vote_average": 6.1,
        }
      }
      key="337167"
    >
      <Link
        to="/film/337167"
      >
        <LinkAnchor
          href="/film/337167"
          navigate={[Function]}
        >
          <a
            href="/film/337167"
            onClick={[Function]}
          >
            <div
              className="filmTile-0-2-3"
            >
              <div
                className="imageContainer-0-2-9"
              >
                <img
                  alt="Fifty Shades Freed"
                  className="image-0-2-8"
                  src="https://image.tmdb.org/t/p/w500/3kcEGnYBHDeqmdYf8ZRbKdfmlUy.jpg"
                />
              </div>
              <div>
                <div
                  className="titleAndDate-0-2-4"
                >
                  <div
                    className="title-0-2-5"
                  >
                    Fifty Shades Freed
                  </div>
                  <div
                    className="date-0-2-6"
                  >
                    2018
                  </div>
                </div>
                <div
                  className="genre-0-2-7"
                >
                  Drama, Romance
                </div>
              </div>
            </div>
          </a>
        </LinkAnchor>
      </Link>
    </FilmTile>
    <FilmTile
      filmData={
        Object {
          "genres": Array [
            "Animation",
            "Adventure",
            "Family",
            "Comedy",
          ],
          "id": 269149,
          "overview": "Determined to prove herself, Officer Judy Hopps, the first bunny on Zootopia's police force, jumps at the chance to crack her first case - even if it means partnering with scam-artist fox Nick Wilde to solve the mystery.",
          "poster_path": "https://image.tmdb.org/t/p/w500/sM33SANp9z6rXW8Itn7NnG1GOEs.jpg",
          "release_date": "2016-02-11",
          "runtime": 108,
          "title": "Zootopia",
          "vote_average": 7.7,
        }
      }
      key="269149"
    >
      <Link
        to="/film/269149"
      >
        <LinkAnchor
          href="/film/269149"
          navigate={[Function]}
        >
          <a
            href="/film/269149"
            onClick={[Function]}
          >
            <div
              className="filmTile-0-2-3"
            >
              <div
                className="imageContainer-0-2-9"
              >
                <img
                  alt="Zootopia"
                  className="image-0-2-8"
                  src="https://image.tmdb.org/t/p/w500/sM33SANp9z6rXW8Itn7NnG1GOEs.jpg"
                />
              </div>
              <div>
                <div
                  className="titleAndDate-0-2-4"
                >
                  <div
                    className="title-0-2-5"
                  >
                    Zootopia
                  </div>
                  <div
                    className="date-0-2-6"
                  >
                    2016
                  </div>
                </div>
                <div
                  className="genre-0-2-7"
                >
                  Animation, Adventure, Family, Comedy
                </div>
              </div>
            </div>
          </a>
        </LinkAnchor>
      </Link>
    </FilmTile>
    <FilmTile
      filmData={
        Object {
          "genres": Array [
            "Fantasy",
            "Adventure",
            "Science Fiction",
          ],
          "id": 181808,
          "overview": "Rey develops her newly discovered abilities with the guidance of Luke Skywalker, who is unsettled by the strength of her powers. Meanwhile, the Resistance prepares to do battle with the First Order.",
          "poster_path": "https://image.tmdb.org/t/p/w500/kOVEVeg59E0wsnXmF9nrh6OmWII.jpg",
          "release_date": "2017-12-13",
          "runtime": 152,
          "title": "Star Wars: The Last Jedi",
          "vote_average": 7.1,
        }
      }
      key="181808"
    >
      <Link
        to="/film/181808"
      >
        <LinkAnchor
          href="/film/181808"
          navigate={[Function]}
        >
          <a
            href="/film/181808"
            onClick={[Function]}
          >
            <div
              className="filmTile-0-2-3"
            >
              <div
                className="imageContainer-0-2-9"
              >
                <img
                  alt="Star Wars: The Last Jedi"
                  className="image-0-2-8"
                  src="https://image.tmdb.org/t/p/w500/kOVEVeg59E0wsnXmF9nrh6OmWII.jpg"
                />
              </div>
              <div>
                <div
                  className="titleAndDate-0-2-4"
                >
                  <div
                    className="title-0-2-5"
                  >
                    Star Wars: The Last Jedi
                  </div>
                  <div
                    className="date-0-2-6"
                  >
                    2017
                  </div>
                </div>
                <div
                  className="genre-0-2-7"
                >
                  Fantasy, Adventure, Science Fiction
                </div>
              </div>
            </div>
          </a>
        </LinkAnchor>
      </Link>
    </FilmTile>
    <FilmTile
      filmData={
        Object {
          "genres": Array [
            "Action",
            "Adventure",
            "Fantasy",
            "Science Fiction",
          ],
          "id": 284054,
          "overview": "King T'Challa returns home from America to the reclusive, technologically advanced African nation of Wakanda to serve as his country's new leader. However, T'Challa soon finds that he is challenged for the throne by factions within his own country as well as without.  Using powers reserved to Wakandan kings, T'Challa assumes the Black Panther mantel to join with girlfriend Nakia, the queen-mother, his princess-kid sister,  members of the Dora Milaje (the Wakandan \\"special forces\\"), and an American secret agent, to prevent Wakanda from being dragged into a world war.",
          "poster_path": "https://image.tmdb.org/t/p/w500/uxzzxijgPIY7slzFvMotPv8wjKA.jpg",
          "release_date": "2018-02-13",
          "runtime": 134,
          "title": "Black Panther",
          "vote_average": 7.3,
        }
      }
      key="284054"
    >
      <Link
        to="/film/284054"
      >
        <LinkAnchor
          href="/film/284054"
          navigate={[Function]}
        >
          <a
            href="/film/284054"
            onClick={[Function]}
          >
            <div
              className="filmTile-0-2-3"
            >
              <div
                className="imageContainer-0-2-9"
              >
                <img
                  alt="Black Panther"
                  className="image-0-2-8"
                  src="https://image.tmdb.org/t/p/w500/uxzzxijgPIY7slzFvMotPv8wjKA.jpg"
                />
              </div>
              <div>
                <div
                  className="titleAndDate-0-2-4"
                >
                  <div
                    className="title-0-2-5"
                  >
                    Black Panther
                  </div>
                  <div
                    className="date-0-2-6"
                  >
                    2018
                  </div>
                </div>
                <div
                  className="genre-0-2-7"
                >
                  Action, Adventure, Fantasy, Science Fiction
                </div>
              </div>
            </div>
          </a>
        </LinkAnchor>
      </Link>
    </FilmTile>
    <FilmTile
      filmData={
        Object {
          "genres": Array [
            "Adventure",
            "Comedy",
            "Family",
            "Animation",
          ],
          "id": 354912,
          "overview": "Despite his familyâ€™s baffling generations-old ban on music, Miguel dreams of becoming an accomplished musician like his idol, Ernesto de la Cruz. Desperate to prove his talent, Miguel finds himself in the stunning and colorful Land of the Dead following a mysterious chain of events. Along the way, he meets charming trickster Hector, and together, they set off on an extraordinary journey to unlock the real story behind Miguel's family history.",
          "poster_path": "https://image.tmdb.org/t/p/w500/eKi8dIrr8voobbaGzDpe8w0PVbC.jpg",
          "release_date": "2017-10-27",
          "runtime": 105,
          "title": "Coco",
          "vote_average": 7.8,
        }
      }
      key="354912"
    >
      <Link
        to="/film/354912"
      >
        <LinkAnchor
          href="/film/354912"
          navigate={[Function]}
        >
          <a
            href="/film/354912"
            onClick={[Function]}
          >
            <div
              className="filmTile-0-2-3"
            >
              <div
                className="imageContainer-0-2-9"
              >
                <img
                  alt="Coco"
                  className="image-0-2-8"
                  src="https://image.tmdb.org/t/p/w500/eKi8dIrr8voobbaGzDpe8w0PVbC.jpg"
                />
              </div>
              <div>
                <div
                  className="titleAndDate-0-2-4"
                >
                  <div
                    className="title-0-2-5"
                  >
                    Coco
                  </div>
                  <div
                    className="date-0-2-6"
                  >
                    2017
                  </div>
                </div>
                <div
                  className="genre-0-2-7"
                >
                  Adventure, Comedy, Family, Animation
                </div>
              </div>
            </div>
          </a>
        </LinkAnchor>
      </Link>
    </FilmTile>
    <FilmTile
      filmData={
        Object {
          "genres": Array [
            "Adventure",
            "Science Fiction",
            "Action",
          ],
          "id": 333339,
          "overview": "When the creator of a popular video game system dies, a virtual contest is created to compete for his fortune.",
          "poster_path": "https://image.tmdb.org/t/p/w500/pU1ULUq8D3iRxl1fdX2lZIzdHuI.jpg",
          "release_date": "2018-03-28",
          "runtime": 140,
          "title": "Ready Player One",
          "vote_average": 8.1,
        }
      }
      key="333339"
    >
      <Link
        to="/film/333339"
      >
        <LinkAnchor
          href="/film/333339"
          navigate={[Function]}
        >
          <a
            href="/film/333339"
            onClick={[Function]}
          >
            <div
              className="filmTile-0-2-3"
            >
              <div
                className="imageContainer-0-2-9"
              >
                <img
                  alt="Ready Player One"
                  className="image-0-2-8"
                  src="https://image.tmdb.org/t/p/w500/pU1ULUq8D3iRxl1fdX2lZIzdHuI.jpg"
                />
              </div>
              <div>
                <div
                  className="titleAndDate-0-2-4"
                >
                  <div
                    className="title-0-2-5"
                  >
                    Ready Player One
                  </div>
                  <div
                    className="date-0-2-6"
                  >
                    2018
                  </div>
                </div>
                <div
                  className="genre-0-2-7"
                >
                  Adventure, Science Fiction, Action
                </div>
              </div>
            </div>
          </a>
        </LinkAnchor>
      </Link>
    </FilmTile>
  </div>
</FilmList>
`;

exports[`FilmList component should be render text "No films found" 1`] = `
<FilmList
  films={Array []}
>
  <div
    className="empty-0-2-2"
  >
    No films found
  </div>
</FilmList>
`;
